Archive member included to satisfy reference by file (symbol)

C:/ST/STM32CubeIDE_2.1.0/STM32CubeIDE/plugins/com.st.stm32cube.ide.mcu.externaltools.gnu-tools-for-stm32.14.3.rel1.win32_1.0.100.202602081740/tools/bin/../lib/gcc/arm-none-eabi/14.3.1/../../../../arm-none-eabi/lib/thumb/v7e-m+fp/hard\libc_nano.a(libc_a-exit.o)
                              C:/ST/STM32CubeIDE_2.1.0/STM32CubeIDE/plugins/com.st.stm32cube.ide.mcu.externaltools.gnu-tools-for-stm32.14.3.rel1.win32_1.0.100.202602081740/tools/bin/../lib/gcc/arm-none-eabi/14.3.1/../../../../arm-none-eabi/lib/thumb/v7e-m+fp/hard/crt0.o (exit)
C:/ST/STM32CubeIDE_2.1.0/STM32CubeIDE/plugins/com.st.stm32cube.ide.mcu.externaltools.gnu-tools-for-stm32.14.3.rel1.win32_1.0.100.202602081740/tools/bin/../lib/gcc/arm-none-eabi/14.3.1/../../../../arm-none-eabi/lib/thumb/v7e-m+fp/hard\libc_nano.a(libc_a-findfp.o)
                              C:/ST/STM32CubeIDE_2.1.0/STM32CubeIDE/plugins/com.st.stm32cube.ide.mcu.externaltools.gnu-tools-for-stm32.14.3.rel1.win32_1.0.100.202602081740/tools/bin/../lib/gcc/arm-none-eabi/14.3.1/../../../../arm-none-eabi/lib/thumb/v7e-m+fp/hard\libc_nano.a(libc_a-exit.o) (__stdio_exit_handler)
C:/ST/STM32CubeIDE_2.1.0/STM32CubeIDE/plugins/com.st.stm32cube.ide.mcu.externaltools.gnu-tools-for-stm32.14.3.rel1.win32_1.0.100.202602081740/tools/bin/../lib/gcc/arm-none-eabi/14.3.1/../../../../arm-none-eabi/lib/thumb/v7e-m+fp/hard\libc_nano.a(libc_a-fwalk.o)
                              C:/ST/STM32CubeIDE_2.1.0/STM32CubeIDE/plugins/com.st.stm32cube.ide.mcu.externaltools.gnu-tools-for-stm32.14.3.rel1.win32_1.0.100.202602081740/tools/bin/../lib/gcc/arm-none-eabi/14.3.1/../../../../arm-none-eabi/lib/thumb/v7e-m+fp/hard\libc_nano.a(libc_a-findfp.o) (_fwalk_sglue)
C:/ST/STM32CubeIDE_2.1.0/STM32CubeIDE/plugins/com.st.stm32cube.ide.mcu.externaltools.gnu-tools-for-stm32.14.3.rel1.win32_1.0.100.202602081740/tools/bin/../lib/gcc/arm-none-eabi/14.3.1/../../../../arm-none-eabi/lib/thumb/v7e-m+fp/hard\libc_nano.a(libc_a-stdio.o)
                              C:/ST/STM32CubeIDE_2.1.0/STM32CubeIDE/plugins/com.st.stm32cube.ide.mcu.externaltools.gnu-tools-for-stm32.14.3.rel1.win32_1.0.100.202602081740/tools/bin/../lib/gcc/arm-none-eabi/14.3.1/../../../../arm-none-eabi/lib/thumb/v7e-m+fp/hard\libc_nano.a(libc_a-findfp.o) (__sread)
C:/ST/STM32CubeIDE_2.1.0/STM32CubeIDE/plugins/com.st.stm32cube.ide.mcu.externaltools.gnu-tools-for-stm32.14.3.rel1.win32_1.0.100.202602081740/tools/bin/../lib/gcc/arm-none-eabi/14.3.1/../../../../arm-none-eabi/lib/thumb/v7e-m+fp/hard\libc_nano.a(libc_a-memset.o)
                              C:/ST/STM32CubeIDE_2.1.0/STM32CubeIDE/plugins/com.st.stm32cube.ide.mcu.externaltools.gnu-tools-for-stm32.14.3.rel1.win32_1.0.100.202602081740/tools/bin/../lib/gcc/arm-none-eabi/14.3.1/../../../../arm-none-eabi/lib/thumb/v7e-m+fp/hard/crt0.o (memset)
C:/ST/STM32CubeIDE_2.1.0/STM32CubeIDE/plugins/com.st.stm32cube.ide.mcu.externaltools.gnu-tools-for-stm32.14.3.rel1.win32_1.0.100.202602081740/tools/bin/../lib/gcc/arm-none-eabi/14.3.1/../../../../arm-none-eabi/lib/thumb/v7e-m+fp/hard\libc_nano.a(libc_a-closer.o)
                              C:/ST/STM32CubeIDE_2.1.0/STM32CubeIDE/plugins/com.st.stm32cube.ide.mcu.externaltools.gnu-tools-for-stm32.14.3.rel1.win32_1.0.100.202602081740/tools/bin/../lib/gcc/arm-none-eabi/14.3.1/../../../../arm-none-eabi/lib/thumb/v7e-m+fp/hard\libc_nano.a(libc_a-stdio.o) (_close_r)
C:/ST/STM32CubeIDE_2.1.0/STM32CubeIDE/plugins/com.st.stm32cube.ide.mcu.externaltools.gnu-tools-for-stm32.14.3.rel1.win32_1.0.100.202602081740/tools/bin/../lib/gcc/arm-none-eabi/14.3.1/../../../../arm-none-eabi/lib/thumb/v7e-m+fp/hard\libc_nano.a(libc_a-reent.o)
                              C:/ST/STM32CubeIDE_2.1.0/STM32CubeIDE/plugins/com.st.stm32cube.ide.mcu.externaltools.gnu-tools-for-stm32.14.3.rel1.win32_1.0.100.202602081740/tools/bin/../lib/gcc/arm-none-eabi/14.3.1/../../../../arm-none-eabi/lib/thumb/v7e-m+fp/hard\libc_nano.a(libc_a-closer.o) (errno)
C:/ST/STM32CubeIDE_2.1.0/STM32CubeIDE/plugins/com.st.stm32cube.ide.mcu.externaltools.gnu-tools-for-stm32.14.3.rel1.win32_1.0.100.202602081740/tools/bin/../lib/gcc/arm-none-eabi/14.3.1/../../../../arm-none-eabi/lib/thumb/v7e-m+fp/hard\libc_nano.a(libc_a-impure.o)
                              C:/ST/STM32CubeIDE_2.1.0/STM32CubeIDE/plugins/com.st.stm32cube.ide.mcu.externaltools.gnu-tools-for-stm32.14.3.rel1.win32_1.0.100.202602081740/tools/bin/../lib/gcc/arm-none-eabi/14.3.1/../../../../arm-none-eabi/lib/thumb/v7e-m+fp/hard\libc_nano.a(libc_a-reent.o) (_impure_ptr)
C:/ST/STM32CubeIDE_2.1.0/STM32CubeIDE/plugins/com.st.stm32cube.ide.mcu.externaltools.gnu-tools-for-stm32.14.3.rel1.win32_1.0.100.202602081740/tools/bin/../lib/gcc/arm-none-eabi/14.3.1/../../../../arm-none-eabi/lib/thumb/v7e-m+fp/hard\libc_nano.a(libc_a-lseekr.o)
[...]
Memory Configuration

Name             Origin             Length             Attributes
CCMRAM           0x10000000         0x00002000         xrw
RAM              0x20000000         0x0000a000         xrw
FLASH            0x08000000         0x00040000         xr
*default*        0x00000000         0xffffffff

Linker script and memory map

LOAD C:/ST/STM32CubeIDE_2.1.0/STM32CubeIDE/plugins/com.st.stm32cube.ide.mcu.externaltools.gnu-tools-for-stm32.14.3.rel1.win32_1.0.100.202602081740/tools/bin/../lib/gcc/arm-none-eabi/14.3.1/thumb/v7e-m+fp/hard/crti.o
LOAD C:/ST/STM32CubeIDE_2.1.0/STM32CubeIDE/plugins/com.st.stm32cube.ide.mcu.externaltools.gnu-tools-for-stm32.14.3.rel1.win32_1.0.100.202602081740/tools/bin/../lib/gcc/arm-none-eabi/14.3.1/thumb/v7e-m+fp/hard/crtbegin.o
LOAD C:/ST/STM32CubeIDE_2.1.0/STM32CubeIDE/plugins/com.st.stm32cube.ide.mcu.externaltools.gnu-tools-for-stm32.14.3.rel1.win32_1.0.100.202602081740/tools/bin/../lib/gcc/arm-none-eabi/14.3.1/../../../../arm-none-eabi/lib/thumb/v7e-m+fp/hard/crt0.o
LOAD ./Src/gpio.o
LOAD ./Src/main.o
LOAD ./Src/one_shot.o
LOAD ./Src/servo.o
LOAD ./Src/timer.o
LOAD ./Startup/startup_stm32f303vctx.o
START GROUP
LOAD C:/ST/STM32CubeIDE_2.1.0/STM32CubeIDE/plugins/com.st.stm32cube.ide.mcu.externaltools.gnu-tools-for-stm32.14.3.rel1.win32_1.0.100.202602081740/tools/bin/../lib/gcc/arm-none-eabi/14.3.1/../../../../arm-none-eabi/lib/thumb/v7e-m+fp/hard\libc_nano.a
LOAD C:/ST/STM32CubeIDE_2.1.0/STM32CubeIDE/plugins/com.st.stm32cube.ide.mcu.externaltools.gnu-tools-for-stm32.14.3.rel1.win32_1.0.100.202602081740/tools/bin/../lib/gcc/arm-none-eabi/14.3.1/../../../../arm-none-eabi/lib/thumb/v7e-m+fp/hard\libm.a
END GROUP
START GROUP
LOAD C:/ST/STM32CubeIDE_2.1.0/STM32CubeIDE/plugins/com.st.stm32cube.ide.mcu.externaltools.gnu-tools-for-stm32.14.3.rel1.win32_1.0.100.202602081740/tools/bin/../lib/gcc/arm-none-eabi/14.3.1/thumb/v7e-m+fp/hard\libgcc.a
LOAD C:/ST/STM32CubeIDE_2.1.0/STM32CubeIDE/plugins/com.st.stm32cube.ide.mcu.externaltools.gnu-tools-for-stm32.14.3.rel1.win32_1.0.100.202602081740/tools/bin/../lib/gcc/arm-none-eabi/14.3.1/../../../../arm-none-eabi/lib/thumb/v7e-m+fp/hard\libc_nano.a
END GROUP
START GROUP
LOAD C:/ST/STM32CubeIDE_2.1.0/STM32CubeIDE/plugins/com.st.stm32cube.ide.mcu.externaltools.gnu-tools-for-stm32.14.3.rel1.win32_1.0.100.202602081740/tools/bin/../lib/gcc/arm-none-eabi/14.3.1/thumb/v7e-m+fp/hard\libgcc.a
LOAD C:/ST/STM32CubeIDE_2.1.0/STM32CubeIDE/plugins/com.st.stm32cube.ide.mcu.externaltools.gnu-tools-for-stm32.14.3.rel1.win32_1.0.100.202602081740/tools/bin/../lib/gcc/arm-none-eabi/14.3.1/../../../../arm-none-eabi/lib/thumb/v7e-m+fp/hard\libc_nano.a
LOAD C:/ST/STM32CubeIDE_2.1.0/STM32CubeIDE/plugins/com.st.stm32cube.ide.mcu.externaltools.gnu-tools-for-stm32.14.3.rel1.win32_1.0.100.202602081740/tools/bin/../lib/gcc/arm-none-eabi/14.3.1/../../../../arm-none-eabi/lib/thumb/v7e-m+fp/hard\libnosys.a
END GROUP
START GROUP
LOAD C:/ST/STM32CubeIDE_2.1.0/STM32CubeIDE/plugins/com.st.stm32cube.ide.mcu.externaltools.gnu-tools-for-stm32.14.3.rel1.win32_1.0.100.202602081740/tools/bin/../lib/gcc/arm-none-eabi/14.3.1/thumb/v7e-m+fp/hard\libgcc.a
LOAD C:/ST/STM32CubeIDE_2.1.0/STM32CubeIDE/plugins/com.st.stm32cube.ide.mcu.externaltools.gnu-tools-for-stm32.14.3.rel1.win32_1.0.100.202602081740/tools/bin/../lib/gcc/arm-none-eabi/14.3.1/../../../../arm-none-eabi/lib/thumb/v7e-m+fp/hard\libc_nano.a
LOAD C:/ST/STM32CubeIDE_2.1.0/STM32CubeIDE/plugins/com.st.stm32cube.ide.mcu.externaltools.gnu-tools-for-stm32.14.3.rel1.win32_1.0.100.202602081740/tools/bin/../lib/gcc/arm-none-eabi/14.3.1/../../../../arm-none-eabi/lib/thumb/v7e-m+fp/hard\libnosys.a
END GROUP
LOAD C:/ST/STM32CubeIDE_2.1.0/STM32CubeIDE/plugins/com.st.stm32cube.ide.mcu.externaltools.gnu-tools-for-stm32.14.3.rel1.win32_1.0.100.202602081740/tools/bin/../lib/gcc/arm-none-eabi/14.3.1/thumb/v7e-m+fp/hard/crtend.o
LOAD C:/ST/STM32CubeIDE_2.1.0/STM32CubeIDE/plugins/com.st.stm32cube.ide.mcu.externaltools.gnu-tools-for-stm32.14.3.rel1.win32_1.0.100.202602081740/tools/bin/../lib/gcc/arm-none-eabi/14.3.1/thumb/v7e-m+fp/hard/crtn.o
                0x2000a000                        _estack = (ORIGIN (RAM) + LENGTH (RAM))
                0x00000200                        _Min_Heap_Size = 0x200
                0x00000400                        _Min_Stack_Size = 0x400

.isr_vector     0x08000000      0x194
                0x08000000                        . = ALIGN (0x4)
 *(.isr_vector)
 .isr_vector    0x08000000      0x194 ./Startup/startup_stm32f303vctx.o
                0x08000000                g_pfnVectors
                0x08000194                        . = ALIGN (0x4)

.text           0x08000194      0x4d8
                0x08000194                        . = ALIGN (0x4)
 *(.text)
 .text          0x08000194       0x40 C:/ST/STM32CubeIDE_2.1.0/STM32CubeIDE/plugins/com.st.stm32cube.ide.mcu.externaltools.gnu-tools-for-stm32.14.3.rel1.win32_1.0.100.202602081740/tools/bin/../lib/gcc/arm-none-eabi/14.3.1/thumb/v7e-m+fp/hard/crtbegin.o
 *(.text*)
 .text.validate
                0x080001d4       0x32 ./Src/gpio.o
 *fill*         0x08000206        0x2 
 .text.enable_clock
                0x08000208       0xb8 ./Src/gpio.o
 .text.gpio_init
                0x080002c0       0xd2 ./Src/gpio.o
                0x080002c0                gpio_init
 .text.gpio_write
                0x08000392       0x4e ./Src/gpio.o
                0x08000392                gpio_write
 .text.one_shot_callback
                0x080003e0       0x18 ./Src/main.o
 .text.main     0x080003f8       0x30 ./Src/main.o
                0x080003f8                main
 .text.__NVIC_EnableIRQ
                0x08000428       0x3c ./Src/one_shot.o
 .text.__NVIC_SetPriority
                0x08000464       0x54 ./Src/one_shot.o
 .text.TIM4_IRQHandler
                0x080004b8       0x38 ./Src/one_shot.o
                0x080004b8                TIM4_IRQHandler
 .text.one_shot_trigger
                0x080004f0       0x9c ./Src/one_shot.o
                0x080004f0                one_shot_trigger
 .text.TIM3_IRQHandler
                0x0800058c       0x2c ./Src/timer.o
                0x0800058c                TIM3_IRQHandler
 .text.Reset_Handler
                0x080005b8       0x50 ./Startup/startup_stm32f303vctx.o
                0x080005b8                Reset_Handler
 .text.Default_Handler
                0x08000608        0x2 ./Startup/startup_stm32f303vctx.o
                0x08000608                TIM8_TRG_COM_IRQHandler
                0x08000608                TIM8_CC_IRQHandler
                0x08000608                DebugMon_Handler
                0x08000608                DMA1_CH4_IRQHandler
                0x08000608                SPI4_IRQHandler
                0x08000608                TIM1_CC_IRQHandler
                0x08000608                HardFault_Handler
                0x08000608                USB_HP_IRQHandler
                0x08000608                I2C2_EV_EXTI24_IRQHandler
                0x08000608                SysTick_Handler
                0x08000608                USB_WKUP_EXTI_IRQHandler
                0x08000608                PVD_IRQHandler
                0x08000608                UART4_EXTI34_IRQHandler
                0x08000608                TAMP_STAMP_IRQHandler
                0x08000608                PendSV_Handler
                0x08000608                NMI_Handler
                0x08000608                EXTI3_IRQHandler
                0x08000608                I2C3_ER_IRQHandler
                0x08000608                TIM6_DACUNDER_IRQHandler
                0x08000608                USB_HP_CAN_TX_IRQHandler
                0x08000608                EXTI0_IRQHandler
                0x08000608                DMA2_CH1_IRQHandler
                0x08000608                TIM1_UP_TIM16_IRQHandler
                0x08000608                UsageFault_Handler
                0x08000608                ADC1_2_IRQHandler
                0x08000608                SPI1_IRQHandler
                0x08000608                CAN_SCE_IRQHandler
                0x08000608                DMA1_CH7_IRQHandler
                0x08000608                TIM8_UP_IRQHandler
                0x08000608                COMP456_IRQHandler
                0x08000608                DMA1_CH6_IRQHandler
                0x08000608                TIM20_TRG_COM_IRQHandler
                0x08000608                ADC3_IRQHandler
                0x08000608                CAN_RX1_IRQHandler
                0x08000608                USART1_EXTI25_IRQHandler
                0x08000608                DMA2_CH5_IRQHandler
                0x08000608                I2C1_EV_EXTI23_IRQHandler
                0x08000608                DMA1_CH3_IRQHandler
                0x08000608                RCC_IRQHandler
                0x08000608                TIM20_UP_IRQHandler
                0x08000608                Default_Handler
                0x08000608                EXTI15_10_IRQHandler
                0x08000608                USART2_EXTI26_IRQHandler
                0x08000608                USART3_EXTI28_IRQHandler
                0x08000608                TIM7_IRQHandler
                0x08000608                I2C3_EV_IRQHandler
                0x08000608                EXTI9_5_IRQHandler
                0x08000608                DMA1_CH2_IRQHandler
                0x08000608                RTC_WKUP_IRQHandler
                0x08000608                SPI2_IRQHandler
                0x08000608                DMA1_CH1_IRQHandler
                0x08000608                USB_LP_CAN_RX0_IRQHandler
                0x08000608                MemManage_Handler
                0x08000608                COMP123_IRQHandler
                0x08000608                SVC_Handler
                0x08000608                USB_LP_IRQHandler
                0x08000608                EXTI4_IRQHandler
                0x08000608                TIM1_TRG_COM_TIM17_IRQHandler
                0x08000608                ADC4_IRQHandler
                0x08000608                WWDG_IRQHandler
                0x08000608                TIM2_IRQHandler
                0x08000608                COMP7_IRQHandler
                0x08000608                EXTI1_IRQHandler
                0x08000608                RTCAlarm_IRQHandler
                0x08000608                UART5_EXTI35_IRQHandler
                0x08000608                TIM20_BRK_IRQHandler
                0x08000608                I2C2_ER_IRQHandler
                0x08000608                TIM8_BRK_IRQHandler
                0x08000608                FLASH_IRQHandler
                0x08000608                TIM20_CC_IRQHandler
                0x08000608                BusFault_Handler
                0x08000608                SPI3_IRQHandler
                0x08000608                DMA2_CH3_IRQHandler
                0x08000608                DMA2_CH2_IRQHandler
                0x08000608                I2C1_ER_IRQHandler
                0x08000608                FMC_IRQHandler
                0x08000608                DMA1_CH5_IRQHandler
                0x08000608                DMA2_CH4_IRQHandler
                0x08000608                USB_WKUP_IRQHandler
                0x08000608                EXTI2_TSC_IRQHandler
                0x08000608                TIM1_BRK_TIM15_IRQHandler
 *fill*         0x0800060a        0x2 
 .text.__libc_init_array
                0x0800060c       0x48 C:/ST/STM32CubeIDE_2.1.0/STM32CubeIDE/plugins/com.st.stm32cube.ide.mcu.externaltools.gnu-tools-for-stm32.14.3.rel1.win32_1.0.100.202602081740/tools/bin/../lib/gcc/arm-none-eabi/14.3.1/../../../../arm-none-eabi/lib/thumb/v7e-m+fp/hard\libc_nano.a(libc_a-init.o)
                0x0800060c                __libc_init_array
 *(.glue_7)
 .glue_7        0x08000654        0x0 linker stubs
 *(.glue_7t)
 .glue_7t       0x08000654        0x0 linker stubs
 *(.eh_frame)
 .eh_frame      0x08000654        0x0 C:/ST/STM32CubeIDE_2.1.0/STM32CubeIDE/plugins/com.st.stm32cube.ide.mcu.externaltools.gnu-tools-for-stm32.14.3.rel1.win32_1.0.100.202602081740/tools/bin/../lib/gcc/arm-none-eabi/14.3.1/thumb/v7e-m+fp/hard/crtbegin.o
 *(.init)
 .init          0x08000654        0x4 C:/ST/STM32CubeIDE_2.1.0/STM32CubeIDE/plugins/com.st.stm32cube.ide.mcu.externaltools.gnu-tools-for-stm32.14.3.rel1.win32_1.0.100.202602081740/tools/bin/../lib/gcc/arm-none-eabi/14.3.1/thumb/v7e-m+fp/hard/crti.o
                0x08000654                _init
 .init          0x08000658        0x8 C:/ST/STM32CubeIDE_2.1.0/STM32CubeIDE/plugins/com.st.stm32cube.ide.mcu.externaltools.gnu-tools-for-stm32.14.3.rel1.win32_1.0.100.202602081740/tools/bin/../lib/gcc/arm-none-eabi/14.3.1/thumb/v7e-m+fp/hard/crtn.o
 *(.fini)
 .fini          0x08000660        0x4 C:/ST/STM32CubeIDE_2.1.0/STM32CubeIDE/plugins/com.st.stm32cube.ide.mcu.externaltools.gnu-tools-for-stm32.14.3.rel1.win32_1.0.100.202602081740/tools/bin/../lib/gcc/arm-none-eabi/14.3.1/thumb/v7e-m+fp/hard/crti.o
                0x08000660                _fini
 .fini          0x08000664        0x8 C:/ST/STM32CubeIDE_2.1.0/STM32CubeIDE/plugins/com.st.stm32cube.ide.mcu.externaltools.gnu-tools-for-stm32.14.3.rel1.win32_1.0.100.202602081740/tools/bin/../lib/gcc/arm-none-eabi/14.3.1/thumb/v7e-m+fp/hard/crtn.o
                0x0800066c                        . = ALIGN (0x4)
                0x0800066c                        _etext = .

.vfp11_veneer   0x0800066c        0x0
 .vfp11_veneer  0x0800066c        0x0 linker stubs

.v4_bx          0x0800066c        0x0
 .v4_bx         0x0800066c        0x0 linker stubs

.iplt           0x0800066c        0x0
 .iplt          0x0800066c        0x0 C:/ST/STM32CubeIDE_2.1.0/STM32CubeIDE/plugins/com.st.stm32cube.ide.mcu.externaltools.gnu-tools-for-stm32.14.3.rel1.win32_1.0.100.202602081740/tools/bin/../lib/gcc/arm-none-eabi/14.3.1/thumb/v7e-m+fp/hard/crtbegin.o

.rodata         0x0800066c        0x0
                0x0800066c                        . = ALIGN (0x4)
 *(.rodata)
 *(.rodata*)
                0x0800066c                        . = ALIGN (0x4)

.ARM.extab      0x0800066c        0x0
                0x0800066c                        . = ALIGN (0x4)
 *(.ARM.extab* .gnu.linkonce.armextab.*)
                0x0800066c                        . = ALIGN (0x4)

.ARM            0x0800066c        0x0
                0x0800066c                        . = ALIGN (0x4)
                0x0800066c                        __exidx_start = .
 *(.ARM.exidx*)
                0x0800066c                        __exidx_end = .
                0x0800066c                        . = ALIGN (0x4)

.preinit_array  0x0800066c        0x0
                0x0800066c                        . = ALIGN (0x4)
                0x0800066c                        PROVIDE (__preinit_array_start = .)
 *(.preinit_array*)
                0x0800066c                        PROVIDE (__preinit_array_end = .)
                0x0800066c                        . = ALIGN (0x4)

.init_array     0x0800066c        0x4
                0x0800066c                        . = ALIGN (0x4)
                0x0800066c                        PROVIDE (__init_array_start = .)
 *(SORT_BY_NAME(.init_array.*))
 *(.init_array*)
 .init_array    0x0800066c        0x4 C:/ST/STM32CubeIDE_2.1.0/STM32CubeIDE/plugins/com.st.stm32cube.ide.mcu.externaltools.gnu-tools-for-stm32.14.3.rel1.win32_1.0.100.202602081740/tools/bin/../lib/gcc/arm-none-eabi/14.3.1/thumb/v7e-m+fp/hard/crtbegin.o
                0x08000670                        PROVIDE (__init_array_end = .)
                0x08000670                        . = ALIGN (0x4)

.fini_array     0x08000670        0x4
                0x08000670                        . = ALIGN (0x4)
                [!provide]                        PROVIDE (__fini_array_start = .)
 *(SORT_BY_NAME(.fini_array.*))
 *(.fini_array*)
 .fini_array    0x08000670        0x4 C:/ST/STM32CubeIDE_2.1.0/STM32CubeIDE/plugins/com.st.stm32cube.ide.mcu.externaltools.gnu-tools-for-stm32.14.3.rel1.win32_1.0.100.202602081740/tools/bin/../lib/gcc/arm-none-eabi/14.3.1/thumb/v7e-m+fp/hard/crtbegin.o
                [!provide]                        PROVIDE (__fini_array_end = .)
                0x08000674                        . = ALIGN (0x4)
                0x08000674                        _sidata = LOADADDR (.data)

.rel.dyn        0x08000674        0x0
 .rel.iplt      0x08000674        0x0 C:/ST/STM32CubeIDE_2.1.0/STM32CubeIDE/plugins/com.st.stm32cube.ide.mcu.externaltools.gnu-tools-for-stm32.14.3.rel1.win32_1.0.100.202602081740/tools/bin/../lib/gcc/arm-none-eabi/14.3.1/thumb/v7e-m+fp/hard/crtbegin.o

.data           0x20000000        0x0 load address 0x08000674
                0x20000000                        . = ALIGN (0x4)
                0x20000000                        _sdata = .
 *(.data)
 *(.data*)
 *(.RamFunc)
 *(.RamFunc*)
                0x20000000                        . = ALIGN (0x4)
                0x20000000                        _edata = .
                0x08000674                        _siccmram = LOADADDR (.ccmram)

.igot.plt       0x20000000        0x0 load address 0x08000674
 .igot.plt      0x20000000        0x0 C:/ST/STM32CubeIDE_2.1.0/STM32CubeIDE/plugins/com.st.stm32cube.ide.mcu.externaltools.gnu-tools-for-stm32.14.3.rel1.win32_1.0.100.202602081740/tools/bin/../lib/gcc/arm-none-eabi/14.3.1/thumb/v7e-m+fp/hard/crtbegin.o

.ccmram         0x10000000        0x0 load address 0x08000674
                0x10000000                        . = ALIGN (0x4)
                0x10000000                        _sccmram = .
 *(.ccmram)
 *(.ccmram*)
                0x10000000                        . = ALIGN (0x4)
                0x10000000                        _eccmram = .
                0x10000000                        . = ALIGN (0x4)

.bss            0x20000000       0x24
                0x20000000                        _sbss = .
                0x20000000                        __bss_start__ = _sbss
 *(.bss)
 .bss           0x20000000       0x1c C:/ST/STM32CubeIDE_2.1.0/STM32CubeIDE/plugins/com.st.stm32cube.ide.mcu.externaltools.gnu-tools-for-stm32.14.3.rel1.win32_1.0.100.202602081740/tools/bin/../lib/gcc/arm-none-eabi/14.3.1/thumb/v7e-m+fp/hard/crtbegin.o
 *(.bss*)
 .bss.stored_callback
                0x2000001c        0x4 ./Src/one_shot.o
 .bss.cb        0x20000020        0x4 ./Src/timer.o
 *(COMMON)
                0x20000024                        . = ALIGN (0x4)
                0x20000024                        _ebss = .
                0x20000024                        __bss_end__ = _ebss

._user_heap_stack
                0x20000024      0x604
                0x20000028                        . = ALIGN (0x8)
 *fill*         0x20000024        0x4 
                0x20000028                        PROVIDE (end = .)
                [!provide]                        PROVIDE (_end = .)
                0x20000228                        . = (. + _Min_Heap_Size)
 *fill*         0x20000028      0x200 
                0x20000628                        . = (. + _Min_Stack_Size)
 *fill*         0x20000228      0x400 
                0x20000628                        . = ALIGN (0x8)

/DISCARD/
 libc.a(*)
 libm.a(*)
 libgcc.a(*)

.ARM.attributes
                0x00000000       0x30
 *(.ARM.attributes)
 .ARM.attributes
                0x00000000       0x22 C:/ST/STM32CubeIDE_2.1.0/STM32CubeIDE/plugins/com.st.stm32cube.ide.mcu.externaltools.gnu-tools-for-stm32.14.3.rel1.win32_1.0.100.202602081740/tools/bin/../lib/gcc/arm-none-eabi/14.3.1/thumb/v7e-m+fp/hard/crti.o
 .ARM.attributes
                0x00000022       0x34 C:/ST/STM32CubeIDE_2.1.0/STM32CubeIDE/plugins/com.st.stm32cube.ide.mcu.externaltools.gnu-tools-for-stm32.14.3.rel1.win32_1.0.100.202602081740/tools/bin/../lib/gcc/arm-none-eabi/14.3.1/thumb/v7e-m+fp/hard/crtbegin.o
 .ARM.attributes
                0x00000056       0x34 ./Src/gpio.o
 .ARM.attributes
                0x0000008a       0x34 ./Src/main.o
 .ARM.attributes
                0x000000be       0x34 ./Src/one_shot.o
 .ARM.attributes
                0x000000f2       0x34 ./Src/timer.o
 .ARM.attributes
                0x00000126       0x21 ./Startup/startup_stm32f303vctx.o
 .ARM.attributes
                0x00000147       0x34 C:/ST/STM32CubeIDE_2.1.0/STM32CubeIDE/plugins/com.st.stm32cube.ide.mcu.externaltools.gnu-tools-for-stm32.14.3.rel1.win32_1.0.100.202602081740/tools/bin/../lib/gcc/arm-none-eabi/14.3.1/../../../../arm-none-eabi/lib/thumb/v7e-m+fp/hard\libc_nano.a(libc_a-init.o)
 .ARM.attributes
                0x0000017b       0x22 C:/ST/STM32CubeIDE_2.1.0/STM32CubeIDE/plugins/com.st.stm32cube.ide.mcu.externaltools.gnu-tools-for-stm32.14.3.rel1.win32_1.0.100.202602081740/tools/bin/../lib/gcc/arm-none-eabi/14.3.1/thumb/v7e-m+fp/hard/crtn.o
OUTPUT(Task 7.2.elf elf32-littlearm)
LOAD linker stubs
LOAD C:/ST/STM32CubeIDE_2.1.0/STM32CubeIDE/plugins/com.st.stm32cube.ide.mcu.externaltools.gnu-tools-for-stm32.14.3.rel1.win32_1.0.100.202602081740/tools/bin/../lib/gcc/arm-none-eabi/14.3.1/../../../../arm-none-eabi/lib/thumb/v7e-m+fp/hard\libc.a
LOAD C:/ST/STM32CubeIDE_2.1.0/STM32CubeIDE/plugins/com.st.stm32cube.ide.mcu.externaltools.gnu-tools-for-stm32.14.3.rel1.win32_1.0.100.202602081740/tools/bin/../lib/gcc/arm-none-eabi/14.3.1/../../../../arm-none-eabi/lib/thumb/v7e-m+fp/hard\libm.a
LOAD C:/ST/STM32CubeIDE_2.1.0/STM32CubeIDE/plugins/com.st.stm32cube.ide.mcu.externaltools.gnu-tools-for-stm32.14.3.rel1.win32_1.0.100.202602081740/tools/bin/../lib/gcc/arm-none-eabi/14.3.1/thumb/v7e-m+fp/hard\libgcc.a

.debug_info     0x00000000     0x1795
 .debug_info    0x00000000      0x3d3 ./Src/gpio.o
 .debug_info    0x000003d3      0x229 ./Src/main.o
 .debug_info    0x000005fc      0x869 ./Src/one_shot.o
 .debug_info    0x00000e65      0x900 ./Src/timer.o
 .debug_info    0x00001765       0x30 ./Startup/startup_stm32f303vctx.o

.debug_abbrev   0x00000000      0x65a
 .debug_abbrev  0x00000000      0x15e ./Src/gpio.o
 .debug_abbrev  0x0000015e      0x130 ./Src/main.o
 .debug_abbrev  0x0000028e      0x1a7 ./Src/one_shot.o
 .debug_abbrev  0x00000435      0x201 ./Src/timer.o
 .debug_abbrev  0x00000636       0x24 ./Startup/startup_stm32f303vctx.o

.debug_aranges  0x00000000      0x120
 .debug_aranges
                0x00000000       0x48 ./Src/gpio.o
 .debug_aranges
                0x00000048       0x28 ./Src/main.o
 .debug_aranges
                0x00000070       0x38 ./Src/one_shot.o
 .debug_aranges
                0x000000a8       0x50 ./Src/timer.o
 .debug_aranges
                0x000000f8       0x28 ./Startup/startup_stm32f303vctx.o

.debug_rnglists
                0x00000000       0xc4
 .debug_rnglists
                0x00000000       0x34 ./Src/gpio.o
 .debug_rnglists
                0x00000034       0x19 ./Src/main.o
 .debug_rnglists
                0x0000004d       0x26 ./Src/one_shot.o
 .debug_rnglists
                0x00000073       0x38 ./Src/timer.o
 .debug_rnglists
                0x000000ab       0x19 ./Startup/startup_stm32f303vctx.o

.debug_macro    0x00000000    0x14f5f
 .debug_macro   0x00000000       0xc9 ./Src/gpio.o
 .debug_macro   0x000000c9      0xade ./Src/gpio.o
 .debug_macro   0x00000ba7       0x22 ./Src/gpio.o
 .debug_macro   0x00000bc9       0x8e ./Src/gpio.o
 .debug_macro   0x00000c57       0x51 ./Src/gpio.o
 .debug_macro   0x00000ca8      0x103 ./Src/gpio.o
 .debug_macro   0x00000dab       0x6a ./Src/gpio.o
 .debug_macro   0x00000e15      0x1df ./Src/gpio.o
 .debug_macro   0x00000ff4       0x28 ./Src/gpio.o
 .debug_macro   0x0000101c       0x1c ./Src/gpio.o
 .debug_macro   0x00001038       0x22 ./Src/gpio.o
 .debug_macro   0x0000105a       0xd9 ./Src/gpio.o
 .debug_macro   0x00001133     0x102d ./Src/gpio.o
 .debug_macro   0x00002160      0x11f ./Src/gpio.o
 .debug_macro   0x0000227f    0x12a3a ./Src/gpio.o
 .debug_macro   0x00014cb9       0xf0 ./Src/main.o
 .debug_macro   0x00014da9       0x1c ./Src/main.o
 .debug_macro   0x00014dc5       0xcd ./Src/one_shot.o
 .debug_macro   0x00014e92       0xcd ./Src/timer.o

.debug_line     0x00000000     0x174b
 .debug_line    0x00000000      0x6a8 ./Src/gpio.o
 .debug_line    0x000006a8      0x4d2 ./Src/main.o
 .debug_line    0x00000b7a      0x575 ./Src/one_shot.o
 .debug_line    0x000010ef      0x5e1 ./Src/timer.o
 .debug_line    0x000016d0       0x7b ./Startup/startup_stm32f303vctx.o

.debug_str      0x00000000    0x728eb
 .debug_str     0x00000000    0x728eb ./Src/gpio.o
                              0x7242d (size before relaxing)
 .debug_str     0x000728eb    0x7243c ./Src/main.o
 .debug_str     0x000728eb    0x7290d ./Src/one_shot.o
 .debug_str     0x000728eb    0x72962 ./Src/timer.o
 .debug_str     0x000728eb       0x8d ./Startup/startup_stm32f303vctx.o

.comment        0x00000000       0x43
 .comment       0x00000000       0x43 ./Src/gpio.o
                                 0x44 (size before relaxing)
 .comment       0x00000043       0x44 ./Src/main.o
 .comment       0x00000043       0x44 ./Src/one_shot.o
 .comment       0x00000043       0x44 ./Src/timer.o

.debug_frame    0x00000000      0x2f0
 .debug_frame   0x00000000       0xe8 ./Src/gpio.o
 .debug_frame   0x000000e8       0x48 ./Src/main.o
 .debug_frame   0x00000130       0x98 ./Src/one_shot.o
 .debug_frame   0x000001c8       0xfc ./Src/timer.o
 .debug_frame   0x000002c4       0x2c C:/ST/STM32CubeIDE_2.1.0/STM32CubeIDE/plugins/com.st.stm32cube.ide.mcu.externaltools.gnu-tools-for-stm32.14.3.rel1.win32_1.0.100.202602081740/tools/bin/../lib/gcc/arm-none-eabi/14.3.1/../../../../arm-none-eabi/lib/thumb/v7e-m+fp/hard\libc_nano.a(libc_a-init.o)

.debug_line_str
                0x00000000       0x71
 .debug_line_str
                0x00000000       0x71 ./Startup/startup_stm32f303vctx.o
