Archive member included to satisfy reference by file (symbol)

C:/ST/STM32CubeIDE_2.1.0/STM32CubeIDE/plugins/com.st.stm32cube.ide.mcu.externaltools.gnu-tools-for-stm32.14.3.rel1.win32_1.0.100.202602081740/tools/bin/../lib/gcc/arm-none-eabi/14.3.1/../../../../arm-none-eabi/lib/thumb/v7e-m+fp/hard\libc_nano.a(libc_a-exit.o)
                              C:/ST/STM32CubeIDE_2.1.0/STM32CubeIDE/plugins/com.st.stm32cube.ide.mcu.externaltools.gnu-tools-for-stm32.14.3.rel1.win32_1.0.100.202602081740/tools/bin/../lib/gcc/arm-none-eabi/14.3.1/../../../../arm-none-eabi/lib/thumb/v7e-m+fp/hard/crt0.o (exit)
C:/ST/STM32CubeIDE_2.1.0/STM32CubeIDE/plugins/com.st.stm32cube.ide.mcu.externaltools.gnu-tools-for-stm32.14.3.rel1.win32_1.0.100.202602081740/tools/bin/../lib/gcc/arm-none-eabi/14.3.1/../../../../arm-none-eabi/lib/thumb/v7e-m+fp/hard\libc_nano.a(libc_a-findfp.o)
                              C:/ST/STM32CubeIDE_2.1.0/STM32CubeIDE/plugins/com.st.stm32cube.ide.mcu.externaltools.gnu-tools-for-stm32.14.3.rel1.win32_1.0.100.202602081740/tools/bin/../lib/gcc/arm-none-eabi/14.3.1/../../../../arm-none-eabi/lib/thumb/v7e-m+fp/hard\libc_nano.a(libc_a-exit.o) (__stdio_exit_handler)
C:/ST/STM32CubeIDE_2.1.0/STM32CubeIDE/plugins/com.st.stm32cube.ide.mcu.externaltools.gnu-tools-for-stm32.14.3.rel1.win32_1.0.100.202602081740/tools/bin/../lib/gcc/arm-none-eabi/14.3.1/../../../../arm-none-eabi/lib/thumb/v7e-m+fp/hard\libc_nano.a(libc_a-fwalk.o)
                              C:/ST/STM32CubeIDE_2.1.0/STM32CubeIDE/plugins/com.st.stm32cube.ide.mcu.externaltools.gnu-tools-for-stm32.14.3.rel1.win32_1.0.100.202602081740/tools/bin/../lib/gcc/arm-none-eabi/14.3.1/../../../../arm-none-eabi/lib/thumb/v7e-m+fp/hard\libc_nano.a(libc_a-findfp.o) (_fwalk_sglue)
C:/ST/STM32CubeIDE_2.1.0/STM32CubeIDE/plugins/com.st.stm32cube.ide.mcu.externaltools.gnu-tools-for-stm32.14.3.rel1.win32_1.0.100.202602081740/tools/bin/../lib/gcc/arm-none-eabi/14.3.1/../../../../arm-none-eabi/lib/thumb/v7e-m+fp/hard\libc_nano.a(libc_a-stdio.o)
                              C:/ST/STM32CubeIDE_2.1.0/STM32CubeIDE/plugins/com.st.stm32cube.ide.mcu.externaltools.gnu-tools-for-stm32.14.3.rel1.win32_1.0.100.202602081740/tools/bin/../lib/gcc/arm-none-eabi/14.3.1/../../../../arm-none-eabi/lib/thumb/v7e-m+fp/hard\libc_nano.a(libc_a-findfp.o) (__sread)
C:/ST/STM32CubeIDE_2.1.0/STM32CubeIDE/plugins/com.st.stm32cube.ide.mcu.externaltools.gnu-tools-for-stm32.14.3.rel1.win32_1.0.100.202602081740/tools/bin/../lib/gcc/arm-none-eabi/14.3.1/../../../../arm-none-eabi/lib/thumb/v7e-m+fp/hard\libc_nano.a(libc_a-memset.o)
                              C:/ST/STM32CubeIDE_2.1.0/STM32CubeIDE/plugins/com.st.stm32cube.ide.mcu.externaltools.gnu-tools-for-stm32.14.3.rel1.win32_1.0.100.202602081740/tools/bin/../lib/gcc/arm-none-eabi/14.3.1/../../../../arm-none-eabi/lib/thumb/v7e-m+fp/hard/crt0.o (memset)
C:/ST/STM32CubeIDE_2.1.0/STM32CubeIDE/plugins/com.st.stm32cube.ide.mcu.externaltools.gnu-tools-for-stm32.14.3.rel1.win32_1.0.100.202602081740/tools/bin/../lib/gcc/arm-none-eabi/14.3.1/../../../../arm-none-eabi/lib/thumb/v7e-m+fp/hard\libc_nano.a(libc_a-closer.o)
                              C:/ST/STM32CubeIDE_2.1.0/STM32CubeIDE/plugins/com.st.stm32cube.ide.mcu.externaltools.gnu-tools-for-stm32.14.3.rel1.win32_1.0.100.202602081740/tools/bin/../lib/gcc/arm-none-eabi/14.3.1/../../../../arm-none-eabi/lib/thumb/v7e-m+fp/hard\libc_nano.a(libc_a-stdio.o) (_close_r)
C:/ST/STM32CubeIDE_2.1.0/STM32CubeIDE/plugins/com.st.stm32cube.ide.mcu.externaltools.gnu-tools-for-stm32.14.3.rel1.win32_1.0.100.202602081740/tools/bin/../lib/gcc/arm-none-eabi/14.3.1/../../../../arm-none-eabi/lib/thumb/v7e-m+fp/hard\libc_nano.a(libc_a-reent.o)
                              C:/ST/STM32CubeIDE_2.1.0/STM32CubeIDE/plugins/com.st.stm32cube.ide.mcu.externaltools.gnu-tools-for-stm32.14.3.rel1.win32_1.0.100.202602081740/tools/bin/../lib/gcc/arm-none-eabi/14.3.1/../../../../arm-none-eabi/lib/thumb/v7e-m+fp/hard\libc_nano.a(libc_a-closer.o) (errno)
C:/ST/STM32CubeIDE_2.1.0/STM32CubeIDE/plugins/com.st.stm32cube.ide.mcu.externaltools.gnu-tools-for-stm32.14.3.rel1.win32_1.0.100.202602081740/tools/bin/../lib/gcc/arm-none-eabi/14.3.1/../../../../arm-none-eabi/lib/thumb/v7e-m+fp/hard\libc_nano.a(libc_a-impure.o)
                              C:/ST/STM32CubeIDE_2.1.0/STM32CubeIDE/plugins/com.st.stm32cube.ide.mcu.externaltools.gnu-tools-for-stm32.14.3.rel1.win32_1.0.100.202602081740/tools/bin/../lib/gcc/arm-none-eabi/14.3.1/../../../../arm-none-eabi/lib/thumb/v7e-m+fp/hard\libc_nano.a(libc_a-reent.o) (_impure_ptr)
C:/ST/STM32CubeIDE_2.1.0/STM32CubeIDE/plugins/com.st.stm32cube.ide.mcu.externaltools.gnu-tools-for-stm32.14.3.rel1.win32_1.0.100.202602081740/tools/bin/../lib/gcc/arm-none-eabi/14.3.1/../../../../arm-none-eabi/lib/thumb/v7e-m+fp/hard\libc_nano.a(libc_a-lseekr.o)
[...]
Memory Configuration

Name             Origin             Length             Attributes
CCMRAM           0x10000000         0x00002000         xrw
RAM              0x20000000         0x0000a000         xrw
FLASH            0x08000000         0x00040000         xr
*default*        0x00000000         0xffffffff

Linker script and memory map

LOAD C:/ST/STM32CubeIDE_2.1.0/STM32CubeIDE/plugins/com.st.stm32cube.ide.mcu.externaltools.gnu-tools-for-stm32.14.3.rel1.win32_1.0.100.202602081740/tools/bin/../lib/gcc/arm-none-eabi/14.3.1/thumb/v7e-m+fp/hard/crti.o
LOAD C:/ST/STM32CubeIDE_2.1.0/STM32CubeIDE/plugins/com.st.stm32cube.ide.mcu.externaltools.gnu-tools-for-stm32.14.3.rel1.win32_1.0.100.202602081740/tools/bin/../lib/gcc/arm-none-eabi/14.3.1/thumb/v7e-m+fp/hard/crtbegin.o
LOAD C:/ST/STM32CubeIDE_2.1.0/STM32CubeIDE/plugins/com.st.stm32cube.ide.mcu.externaltools.gnu-tools-for-stm32.14.3.rel1.win32_1.0.100.202602081740/tools/bin/../lib/gcc/arm-none-eabi/14.3.1/../../../../arm-none-eabi/lib/thumb/v7e-m+fp/hard/crt0.o
LOAD ./Src/button.o
LOAD ./Src/discovery.o
LOAD ./Src/gpio.o
LOAD ./Src/led.o
LOAD ./Src/led_timer.o
LOAD ./Src/main.o
LOAD ./Startup/startup_stm32f303vctx.o
START GROUP
LOAD C:/ST/STM32CubeIDE_2.1.0/STM32CubeIDE/plugins/com.st.stm32cube.ide.mcu.externaltools.gnu-tools-for-stm32.14.3.rel1.win32_1.0.100.202602081740/tools/bin/../lib/gcc/arm-none-eabi/14.3.1/../../../../arm-none-eabi/lib/thumb/v7e-m+fp/hard\libc_nano.a
LOAD C:/ST/STM32CubeIDE_2.1.0/STM32CubeIDE/plugins/com.st.stm32cube.ide.mcu.externaltools.gnu-tools-for-stm32.14.3.rel1.win32_1.0.100.202602081740/tools/bin/../lib/gcc/arm-none-eabi/14.3.1/../../../../arm-none-eabi/lib/thumb/v7e-m+fp/hard\libm.a
END GROUP
START GROUP
LOAD C:/ST/STM32CubeIDE_2.1.0/STM32CubeIDE/plugins/com.st.stm32cube.ide.mcu.externaltools.gnu-tools-for-stm32.14.3.rel1.win32_1.0.100.202602081740/tools/bin/../lib/gcc/arm-none-eabi/14.3.1/thumb/v7e-m+fp/hard\libgcc.a
LOAD C:/ST/STM32CubeIDE_2.1.0/STM32CubeIDE/plugins/com.st.stm32cube.ide.mcu.externaltools.gnu-tools-for-stm32.14.3.rel1.win32_1.0.100.202602081740/tools/bin/../lib/gcc/arm-none-eabi/14.3.1/../../../../arm-none-eabi/lib/thumb/v7e-m+fp/hard\libc_nano.a
END GROUP
START GROUP
LOAD C:/ST/STM32CubeIDE_2.1.0/STM32CubeIDE/plugins/com.st.stm32cube.ide.mcu.externaltools.gnu-tools-for-stm32.14.3.rel1.win32_1.0.100.202602081740/tools/bin/../lib/gcc/arm-none-eabi/14.3.1/thumb/v7e-m+fp/hard\libgcc.a
LOAD C:/ST/STM32CubeIDE_2.1.0/STM32CubeIDE/plugins/com.st.stm32cube.ide.mcu.externaltools.gnu-tools-for-stm32.14.3.rel1.win32_1.0.100.202602081740/tools/bin/../lib/gcc/arm-none-eabi/14.3.1/../../../../arm-none-eabi/lib/thumb/v7e-m+fp/hard\libc_nano.a
LOAD C:/ST/STM32CubeIDE_2.1.0/STM32CubeIDE/plugins/com.st.stm32cube.ide.mcu.externaltools.gnu-tools-for-stm32.14.3.rel1.win32_1.0.100.202602081740/tools/bin/../lib/gcc/arm-none-eabi/14.3.1/../../../../arm-none-eabi/lib/thumb/v7e-m+fp/hard\libnosys.a
END GROUP
START GROUP
LOAD C:/ST/STM32CubeIDE_2.1.0/STM32CubeIDE/plugins/com.st.stm32cube.ide.mcu.externaltools.gnu-tools-for-stm32.14.3.rel1.win32_1.0.100.202602081740/tools/bin/../lib/gcc/arm-none-eabi/14.3.1/thumb/v7e-m+fp/hard\libgcc.a
LOAD C:/ST/STM32CubeIDE_2.1.0/STM32CubeIDE/plugins/com.st.stm32cube.ide.mcu.externaltools.gnu-tools-for-stm32.14.3.rel1.win32_1.0.100.202602081740/tools/bin/../lib/gcc/arm-none-eabi/14.3.1/../../../../arm-none-eabi/lib/thumb/v7e-m+fp/hard\libc_nano.a
LOAD C:/ST/STM32CubeIDE_2.1.0/STM32CubeIDE/plugins/com.st.stm32cube.ide.mcu.externaltools.gnu-tools-for-stm32.14.3.rel1.win32_1.0.100.202602081740/tools/bin/../lib/gcc/arm-none-eabi/14.3.1/../../../../arm-none-eabi/lib/thumb/v7e-m+fp/hard\libnosys.a
END GROUP
LOAD C:/ST/STM32CubeIDE_2.1.0/STM32CubeIDE/plugins/com.st.stm32cube.ide.mcu.externaltools.gnu-tools-for-stm32.14.3.rel1.win32_1.0.100.202602081740/tools/bin/../lib/gcc/arm-none-eabi/14.3.1/thumb/v7e-m+fp/hard/crtend.o
LOAD C:/ST/STM32CubeIDE_2.1.0/STM32CubeIDE/plugins/com.st.stm32cube.ide.mcu.externaltools.gnu-tools-for-stm32.14.3.rel1.win32_1.0.100.202602081740/tools/bin/../lib/gcc/arm-none-eabi/14.3.1/thumb/v7e-m+fp/hard/crtn.o
                0x2000a000                        _estack = (ORIGIN (RAM) + LENGTH (RAM))
                0x00000200                        _Min_Heap_Size = 0x200
                0x00000400                        _Min_Stack_Size = 0x400

.isr_vector     0x08000000      0x194
                0x08000000                        . = ALIGN (0x4)
 *(.isr_vector)
 .isr_vector    0x08000000      0x194 ./Startup/startup_stm32f303vctx.o
                0x08000000                g_pfnVectors
                0x08000194                        . = ALIGN (0x4)

.text           0x08000194      0x944
                0x08000194                        . = ALIGN (0x4)
 *(.text)
 .text          0x08000194       0x40 C:/ST/STM32CubeIDE_2.1.0/STM32CubeIDE/plugins/com.st.stm32cube.ide.mcu.externaltools.gnu-tools-for-stm32.14.3.rel1.win32_1.0.100.202602081740/tools/bin/../lib/gcc/arm-none-eabi/14.3.1/thumb/v7e-m+fp/hard/crtbegin.o
 *(.text*)
 .text.__NVIC_EnableIRQ
                0x080001d4       0x3c ./Src/button.o
 .text.__NVIC_SetPriority
                0x08000210       0x54 ./Src/button.o
 .text.button_init
                0x08000264      0x120 ./Src/button.o
                0x08000264                button_init
 .text.EXTI0_IRQHandler
                0x08000384       0x40 ./Src/button.o
                0x08000384                EXTI0_IRQHandler
 .text.discovery_init
                0x080003c4       0x2c ./Src/discovery.o
                0x080003c4                discovery_init
 .text.discovery_led_set
                0x080003f0       0x24 ./Src/discovery.o
                0x080003f0                discovery_led_set
 .text.discovery_led_get
                0x08000414       0x1c ./Src/discovery.o
                0x08000414                discovery_led_get
 .text.discovery_led_clear_all
                0x08000430        0xc ./Src/discovery.o
                0x08000430                discovery_led_clear_all
 .text.validate
                0x0800043c       0x32 ./Src/gpio.o
 *fill*         0x0800046e        0x2 
 .text.enable_clock
                0x08000470       0xb8 ./Src/gpio.o
 .text.gpio_init
                0x08000528       0xd2 ./Src/gpio.o
                0x08000528                gpio_init
 .text.gpio_write
                0x080005fa       0x4e ./Src/gpio.o
                0x080005fa                gpio_write
 .text.led_init
                0x08000648       0xb4 ./Src/led.o
                0x08000648                led_init
 .text.led_set  0x080006fc       0x7c ./Src/led.o
                0x080006fc                led_set
 .text.led_get  0x08000778       0x34 ./Src/led.o
                0x08000778                led_get
 .text.led_clear_all
                0x080007ac       0x38 ./Src/led.o
                0x080007ac                led_clear_all
 .text.__NVIC_EnableIRQ
                0x080007e4       0x3c ./Src/led_timer.o
 .text.__NVIC_SetPriority
                0x08000820       0x54 ./Src/led_timer.o
 .text.led_timer_init
                0x08000874       0x74 ./Src/led_timer.o
                0x08000874                led_timer_init
 .text.led_set_rate_limited
                0x080008e8       0x3c ./Src/led_timer.o
                0x080008e8                led_set_rate_limited
 .text.TIM2_IRQHandler
                0x08000924       0x78 ./Src/led_timer.o
                0x08000924                TIM2_IRQHandler
 .text.on_button_press
                0x0800099c       0x48 ./Src/main.o
 .text.main     0x080009e4       0x40 ./Src/main.o
                0x080009e4                main
 .text.Reset_Handler
                0x08000a24       0x50 ./Startup/startup_stm32f303vctx.o
                0x08000a24                Reset_Handler
 .text.Default_Handler
                0x08000a74        0x2 ./Startup/startup_stm32f303vctx.o
                0x08000a74                TIM8_TRG_COM_IRQHandler
                0x08000a74                TIM8_CC_IRQHandler
                0x08000a74                DebugMon_Handler
                0x08000a74                DMA1_CH4_IRQHandler
                0x08000a74                SPI4_IRQHandler
                0x08000a74                TIM1_CC_IRQHandler
                0x08000a74                HardFault_Handler
                0x08000a74                USB_HP_IRQHandler
                0x08000a74                I2C2_EV_EXTI24_IRQHandler
                0x08000a74                SysTick_Handler
                0x08000a74                USB_WKUP_EXTI_IRQHandler
                0x08000a74                PVD_IRQHandler
                0x08000a74                UART4_EXTI34_IRQHandler
                0x08000a74                TAMP_STAMP_IRQHandler
                0x08000a74                PendSV_Handler
                0x08000a74                NMI_Handler
                0x08000a74                EXTI3_IRQHandler
                0x08000a74                I2C3_ER_IRQHandler
                0x08000a74                TIM6_DACUNDER_IRQHandler
                0x08000a74                USB_HP_CAN_TX_IRQHandler
                0x08000a74                DMA2_CH1_IRQHandler
                0x08000a74                TIM1_UP_TIM16_IRQHandler
                0x08000a74                UsageFault_Handler
                0x08000a74                ADC1_2_IRQHandler
                0x08000a74                SPI1_IRQHandler
                0x08000a74                CAN_SCE_IRQHandler
                0x08000a74                DMA1_CH7_IRQHandler
                0x08000a74                TIM8_UP_IRQHandler
                0x08000a74                COMP456_IRQHandler
                0x08000a74                DMA1_CH6_IRQHandler
                0x08000a74                TIM20_TRG_COM_IRQHandler
                0x08000a74                ADC3_IRQHandler
                0x08000a74                TIM4_IRQHandler
                0x08000a74                CAN_RX1_IRQHandler
                0x08000a74                USART1_EXTI25_IRQHandler
                0x08000a74                DMA2_CH5_IRQHandler
                0x08000a74                I2C1_EV_EXTI23_IRQHandler
                0x08000a74                DMA1_CH3_IRQHandler
                0x08000a74                TIM3_IRQHandler
                0x08000a74                RCC_IRQHandler
                0x08000a74                TIM20_UP_IRQHandler
                0x08000a74                Default_Handler
                0x08000a74                EXTI15_10_IRQHandler
                0x08000a74                USART2_EXTI26_IRQHandler
                0x08000a74                USART3_EXTI28_IRQHandler
                0x08000a74                TIM7_IRQHandler
                0x08000a74                I2C3_EV_IRQHandler
                0x08000a74                EXTI9_5_IRQHandler
                0x08000a74                DMA1_CH2_IRQHandler
                0x08000a74                RTC_WKUP_IRQHandler
                0x08000a74                SPI2_IRQHandler
                0x08000a74                DMA1_CH1_IRQHandler
                0x08000a74                USB_LP_CAN_RX0_IRQHandler
                0x08000a74                MemManage_Handler
                0x08000a74                COMP123_IRQHandler
                0x08000a74                SVC_Handler
                0x08000a74                USB_LP_IRQHandler
                0x08000a74                EXTI4_IRQHandler
                0x08000a74                TIM1_TRG_COM_TIM17_IRQHandler
                0x08000a74                ADC4_IRQHandler
                0x08000a74                WWDG_IRQHandler
                0x08000a74                COMP7_IRQHandler
                0x08000a74                EXTI1_IRQHandler
                0x08000a74                RTCAlarm_IRQHandler
                0x08000a74                UART5_EXTI35_IRQHandler
                0x08000a74                TIM20_BRK_IRQHandler
                0x08000a74                I2C2_ER_IRQHandler
                0x08000a74                TIM8_BRK_IRQHandler
                0x08000a74                FLASH_IRQHandler
                0x08000a74                TIM20_CC_IRQHandler
                0x08000a74                BusFault_Handler
                0x08000a74                SPI3_IRQHandler
                0x08000a74                DMA2_CH3_IRQHandler
                0x08000a74                DMA2_CH2_IRQHandler
                0x08000a74                I2C1_ER_IRQHandler
                0x08000a74                FMC_IRQHandler
                0x08000a74                DMA1_CH5_IRQHandler
                0x08000a74                DMA2_CH4_IRQHandler
                0x08000a74                USB_WKUP_IRQHandler
                0x08000a74                EXTI2_TSC_IRQHandler
                0x08000a74                TIM1_BRK_TIM15_IRQHandler
 *fill*         0x08000a76        0x2 
 .text.__libc_init_array
                0x08000a78       0x48 C:/ST/STM32CubeIDE_2.1.0/STM32CubeIDE/plugins/com.st.stm32cube.ide.mcu.externaltools.gnu-tools-for-stm32.14.3.rel1.win32_1.0.100.202602081740/tools/bin/../lib/gcc/arm-none-eabi/14.3.1/../../../../arm-none-eabi/lib/thumb/v7e-m+fp/hard\libc_nano.a(libc_a-init.o)
                0x08000a78                __libc_init_array
 *(.glue_7)
 .glue_7        0x08000ac0        0x0 linker stubs
 *(.glue_7t)
 .glue_7t       0x08000ac0        0x0 linker stubs
 *(.eh_frame)
 .eh_frame      0x08000ac0        0x0 C:/ST/STM32CubeIDE_2.1.0/STM32CubeIDE/plugins/com.st.stm32cube.ide.mcu.externaltools.gnu-tools-for-stm32.14.3.rel1.win32_1.0.100.202602081740/tools/bin/../lib/gcc/arm-none-eabi/14.3.1/thumb/v7e-m+fp/hard/crtbegin.o
 *(.init)
 .init          0x08000ac0        0x4 C:/ST/STM32CubeIDE_2.1.0/STM32CubeIDE/plugins/com.st.stm32cube.ide.mcu.externaltools.gnu-tools-for-stm32.14.3.rel1.win32_1.0.100.202602081740/tools/bin/../lib/gcc/arm-none-eabi/14.3.1/thumb/v7e-m+fp/hard/crti.o
                0x08000ac0                _init
 .init          0x08000ac4        0x8 C:/ST/STM32CubeIDE_2.1.0/STM32CubeIDE/plugins/com.st.stm32cube.ide.mcu.externaltools.gnu-tools-for-stm32.14.3.rel1.win32_1.0.100.202602081740/tools/bin/../lib/gcc/arm-none-eabi/14.3.1/thumb/v7e-m+fp/hard/crtn.o
 *(.fini)
 .fini          0x08000acc        0x4 C:/ST/STM32CubeIDE_2.1.0/STM32CubeIDE/plugins/com.st.stm32cube.ide.mcu.externaltools.gnu-tools-for-stm32.14.3.rel1.win32_1.0.100.202602081740/tools/bin/../lib/gcc/arm-none-eabi/14.3.1/thumb/v7e-m+fp/hard/crti.o
                0x08000acc                _fini
 .fini          0x08000ad0        0x8 C:/ST/STM32CubeIDE_2.1.0/STM32CubeIDE/plugins/com.st.stm32cube.ide.mcu.externaltools.gnu-tools-for-stm32.14.3.rel1.win32_1.0.100.202602081740/tools/bin/../lib/gcc/arm-none-eabi/14.3.1/thumb/v7e-m+fp/hard/crtn.o
                0x08000ad8                        . = ALIGN (0x4)
                0x08000ad8                        _etext = .

.vfp11_veneer   0x08000ad8        0x0
 .vfp11_veneer  0x08000ad8        0x0 linker stubs

.v4_bx          0x08000ad8        0x0
 .v4_bx         0x08000ad8        0x0 linker stubs

.iplt           0x08000ad8        0x0
 .iplt          0x08000ad8        0x0 C:/ST/STM32CubeIDE_2.1.0/STM32CubeIDE/plugins/com.st.stm32cube.ide.mcu.externaltools.gnu-tools-for-stm32.14.3.rel1.win32_1.0.100.202602081740/tools/bin/../lib/gcc/arm-none-eabi/14.3.1/thumb/v7e-m+fp/hard/crtbegin.o

.rodata         0x08000ad8       0x48
                0x08000ad8                        . = ALIGN (0x4)
 *(.rodata)
 *(.rodata*)
 .rodata.discovery_leds
                0x08000ad8       0x40 ./Src/discovery.o
 .rodata.discovery_button
                0x08000b18        0x8 ./Src/discovery.o
                0x08000b20                        . = ALIGN (0x4)

.ARM.extab      0x08000b20        0x0
                0x08000b20                        . = ALIGN (0x4)
 *(.ARM.extab* .gnu.linkonce.armextab.*)
                0x08000b20                        . = ALIGN (0x4)

.ARM            0x08000b20        0x0
                0x08000b20                        . = ALIGN (0x4)
                0x08000b20                        __exidx_start = .
 *(.ARM.exidx*)
                0x08000b20                        __exidx_end = .
                0x08000b20                        . = ALIGN (0x4)

.preinit_array  0x08000b20        0x0
                0x08000b20                        . = ALIGN (0x4)
                0x08000b20                        PROVIDE (__preinit_array_start = .)
 *(.preinit_array*)
                0x08000b20                        PROVIDE (__preinit_array_end = .)
                0x08000b20                        . = ALIGN (0x4)

.init_array     0x08000b20        0x4
                0x08000b20                        . = ALIGN (0x4)
                0x08000b20                        PROVIDE (__init_array_start = .)
 *(SORT_BY_NAME(.init_array.*))
 *(.init_array*)
 .init_array    0x08000b20        0x4 C:/ST/STM32CubeIDE_2.1.0/STM32CubeIDE/plugins/com.st.stm32cube.ide.mcu.externaltools.gnu-tools-for-stm32.14.3.rel1.win32_1.0.100.202602081740/tools/bin/../lib/gcc/arm-none-eabi/14.3.1/thumb/v7e-m+fp/hard/crtbegin.o
                0x08000b24                        PROVIDE (__init_array_end = .)
                0x08000b24                        . = ALIGN (0x4)

.fini_array     0x08000b24        0x4
                0x08000b24                        . = ALIGN (0x4)
                [!provide]                        PROVIDE (__fini_array_start = .)
 *(SORT_BY_NAME(.fini_array.*))
 *(.fini_array*)
 .fini_array    0x08000b24        0x4 C:/ST/STM32CubeIDE_2.1.0/STM32CubeIDE/plugins/com.st.stm32cube.ide.mcu.externaltools.gnu-tools-for-stm32.14.3.rel1.win32_1.0.100.202602081740/tools/bin/../lib/gcc/arm-none-eabi/14.3.1/thumb/v7e-m+fp/hard/crtbegin.o
                [!provide]                        PROVIDE (__fini_array_end = .)
                0x08000b28                        . = ALIGN (0x4)
                0x08000b28                        _sidata = LOADADDR (.data)

.rel.dyn        0x08000b28        0x0
 .rel.iplt      0x08000b28        0x0 C:/ST/STM32CubeIDE_2.1.0/STM32CubeIDE/plugins/com.st.stm32cube.ide.mcu.externaltools.gnu-tools-for-stm32.14.3.rel1.win32_1.0.100.202602081740/tools/bin/../lib/gcc/arm-none-eabi/14.3.1/thumb/v7e-m+fp/hard/crtbegin.o

.data           0x20000000        0x4 load address 0x08000b28
                0x20000000                        . = ALIGN (0x4)
                0x20000000                        _sdata = .
 *(.data)
 *(.data*)
 .data.min_interval
                0x20000000        0x4 ./Src/led_timer.o
 *(.RamFunc)
 *(.RamFunc*)
                0x20000004                        . = ALIGN (0x4)
                0x20000004                        _edata = .
                0x08000b2c                        _siccmram = LOADADDR (.ccmram)

.igot.plt       0x20000004        0x0 load address 0x08000b2c
 .igot.plt      0x20000004        0x0 C:/ST/STM32CubeIDE_2.1.0/STM32CubeIDE/plugins/com.st.stm32cube.ide.mcu.externaltools.gnu-tools-for-stm32.14.3.rel1.win32_1.0.100.202602081740/tools/bin/../lib/gcc/arm-none-eabi/14.3.1/thumb/v7e-m+fp/hard/crtbegin.o

.ccmram         0x10000000        0x0 load address 0x08000b2c
                0x10000000                        . = ALIGN (0x4)
                0x10000000                        _sccmram = .
 *(.ccmram)
 *(.ccmram*)
                0x10000000                        . = ALIGN (0x4)
                0x10000000                        _eccmram = .
                0x10000000                        . = ALIGN (0x4)

.bss            0x20000004       0x8c
                0x20000004                        _sbss = .
                0x20000004                        __bss_start__ = _sbss
 *(.bss)
 .bss           0x20000004       0x1c C:/ST/STM32CubeIDE_2.1.0/STM32CubeIDE/plugins/com.st.stm32cube.ide.mcu.externaltools.gnu-tools-for-stm32.14.3.rel1.win32_1.0.100.202602081740/tools/bin/../lib/gcc/arm-none-eabi/14.3.1/thumb/v7e-m+fp/hard/crtbegin.o
 *(.bss*)
 .bss.stored_callback
                0x20000020        0x4 ./Src/button.o
 .bss.stored_desc
                0x20000024        0x8 ./Src/button.o
 .bss.press_flag
                0x2000002c        0x4 ./Src/button.o
 .bss.led_state
                0x20000030        0x8 ./Src/led.o
 .bss.led_desc  0x20000038       0x40 ./Src/led.o
 .bss.led_count
                0x20000078        0x1 ./Src/led.o
 *fill*         0x20000079        0x3 
 .bss.led_callback
                0x2000007c        0x4 ./Src/led.o
 .bss.tick_ms   0x20000080        0x4 ./Src/led_timer.o
 .bss.last_change
                0x20000084        0x4 ./Src/led_timer.o
 .bss.pending_valid
                0x20000088        0x4 ./Src/led_timer.o
 .bss.pending_id
                0x2000008c        0x1 ./Src/led_timer.o
 .bss.pending_state
                0x2000008d        0x1 ./Src/led_timer.o
 .bss.current_led
                0x2000008e        0x1 ./Src/main.o
 *(COMMON)
                0x20000090                        . = ALIGN (0x4)
 *fill*         0x2000008f        0x1 
                0x20000090                        _ebss = .
                0x20000090                        __bss_end__ = _ebss

._user_heap_stack
                0x20000090      0x600
                0x20000090                        . = ALIGN (0x8)
                0x20000090                        PROVIDE (end = .)
                [!provide]                        PROVIDE (_end = .)
                0x20000290                        . = (. + _Min_Heap_Size)
 *fill*         0x20000090      0x200 
                0x20000690                        . = (. + _Min_Stack_Size)
 *fill*         0x20000290      0x400 
                0x20000690                        . = ALIGN (0x8)

/DISCARD/
 libc.a(*)
 libm.a(*)
 libgcc.a(*)

.ARM.attributes
                0x00000000       0x30
 *(.ARM.attributes)
 .ARM.attributes
                0x00000000       0x22 C:/ST/STM32CubeIDE_2.1.0/STM32CubeIDE/plugins/com.st.stm32cube.ide.mcu.externaltools.gnu-tools-for-stm32.14.3.rel1.win32_1.0.100.202602081740/tools/bin/../lib/gcc/arm-none-eabi/14.3.1/thumb/v7e-m+fp/hard/crti.o
 .ARM.attributes
                0x00000022       0x34 C:/ST/STM32CubeIDE_2.1.0/STM32CubeIDE/plugins/com.st.stm32cube.ide.mcu.externaltools.gnu-tools-for-stm32.14.3.rel1.win32_1.0.100.202602081740/tools/bin/../lib/gcc/arm-none-eabi/14.3.1/thumb/v7e-m+fp/hard/crtbegin.o
 .ARM.attributes
                0x00000056       0x34 ./Src/button.o
 .ARM.attributes
                0x0000008a       0x34 ./Src/discovery.o
 .ARM.attributes
                0x000000be       0x34 ./Src/gpio.o
 .ARM.attributes
                0x000000f2       0x34 ./Src/led.o
 .ARM.attributes
                0x00000126       0x34 ./Src/led_timer.o
 .ARM.attributes
                0x0000015a       0x34 ./Src/main.o
 .ARM.attributes
                0x0000018e       0x21 ./Startup/startup_stm32f303vctx.o
 .ARM.attributes
                0x000001af       0x34 C:/ST/STM32CubeIDE_2.1.0/STM32CubeIDE/plugins/com.st.stm32cube.ide.mcu.externaltools.gnu-tools-for-stm32.14.3.rel1.win32_1.0.100.202602081740/tools/bin/../lib/gcc/arm-none-eabi/14.3.1/../../../../arm-none-eabi/lib/thumb/v7e-m+fp/hard\libc_nano.a(libc_a-init.o)
 .ARM.attributes
                0x000001e3       0x22 C:/ST/STM32CubeIDE_2.1.0/STM32CubeIDE/plugins/com.st.stm32cube.ide.mcu.externaltools.gnu-tools-for-stm32.14.3.rel1.win32_1.0.100.202602081740/tools/bin/../lib/gcc/arm-none-eabi/14.3.1/thumb/v7e-m+fp/hard/crtn.o
OUTPUT(Task 7.1.elf elf32-littlearm)
LOAD linker stubs
LOAD C:/ST/STM32CubeIDE_2.1.0/STM32CubeIDE/plugins/com.st.stm32cube.ide.mcu.externaltools.gnu-tools-for-stm32.14.3.rel1.win32_1.0.100.202602081740/tools/bin/../lib/gcc/arm-none-eabi/14.3.1/../../../../arm-none-eabi/lib/thumb/v7e-m+fp/hard\libc.a
LOAD C:/ST/STM32CubeIDE_2.1.0/STM32CubeIDE/plugins/com.st.stm32cube.ide.mcu.externaltools.gnu-tools-for-stm32.14.3.rel1.win32_1.0.100.202602081740/tools/bin/../lib/gcc/arm-none-eabi/14.3.1/../../../../arm-none-eabi/lib/thumb/v7e-m+fp/hard\libm.a
LOAD C:/ST/STM32CubeIDE_2.1.0/STM32CubeIDE/plugins/com.st.stm32cube.ide.mcu.externaltools.gnu-tools-for-stm32.14.3.rel1.win32_1.0.100.202602081740/tools/bin/../lib/gcc/arm-none-eabi/14.3.1/thumb/v7e-m+fp/hard\libgcc.a

.debug_info     0x00000000     0x2406
 .debug_info    0x00000000      0xa7c ./Src/button.o
 .debug_info    0x00000a7c      0x5a4 ./Src/discovery.o
 .debug_info    0x00001020      0x3d3 ./Src/gpio.o
 .debug_info    0x000013f3      0x3ed ./Src/led.o
 .debug_info    0x000017e0      0x931 ./Src/led_timer.o
 .debug_info    0x00002111      0x2c5 ./Src/main.o
 .debug_info    0x000023d6       0x30 ./Startup/startup_stm32f303vctx.o

.debug_abbrev   0x00000000      0xae1
 .debug_abbrev  0x00000000      0x235 ./Src/button.o
 .debug_abbrev  0x00000235      0x21d ./Src/discovery.o
 .debug_abbrev  0x00000452      0x15e ./Src/gpio.o
 .debug_abbrev  0x000005b0      0x1cd ./Src/led.o
 .debug_abbrev  0x0000077d      0x1ec ./Src/led_timer.o
 .debug_abbrev  0x00000969      0x154 ./Src/main.o
 .debug_abbrev  0x00000abd       0x24 ./Startup/startup_stm32f303vctx.o

.debug_aranges  0x00000000      0x1c0
 .debug_aranges
                0x00000000       0x50 ./Src/button.o
 .debug_aranges
                0x00000050       0x48 ./Src/discovery.o
 .debug_aranges
                0x00000098       0x48 ./Src/gpio.o
 .debug_aranges
                0x000000e0       0x48 ./Src/led.o
 .debug_aranges
                0x00000128       0x48 ./Src/led_timer.o
 .debug_aranges
                0x00000170       0x28 ./Src/main.o
 .debug_aranges
                0x00000198       0x28 ./Startup/startup_stm32f303vctx.o

.debug_rnglists
                0x00000000      0x132
 .debug_rnglists
                0x00000000       0x38 ./Src/button.o
 .debug_rnglists
                0x00000038       0x31 ./Src/discovery.o
 .debug_rnglists
                0x00000069       0x34 ./Src/gpio.o
 .debug_rnglists
                0x0000009d       0x32 ./Src/led.o
 .debug_rnglists
                0x000000cf       0x31 ./Src/led_timer.o
 .debug_rnglists
                0x00000100       0x19 ./Src/main.o
 .debug_rnglists
                0x00000119       0x19 ./Startup/startup_stm32f303vctx.o

.debug_macro    0x00000000    0x1519c
 .debug_macro   0x00000000       0xdb ./Src/button.o
 .debug_macro   0x000000db      0xade ./Src/button.o
 .debug_macro   0x00000bb9       0x22 ./Src/button.o
 .debug_macro   0x00000bdb       0x8e ./Src/button.o
 .debug_macro   0x00000c69       0x51 ./Src/button.o
 .debug_macro   0x00000cba      0x103 ./Src/button.o
 .debug_macro   0x00000dbd       0x6a ./Src/button.o
 .debug_macro   0x00000e27      0x1df ./Src/button.o
 .debug_macro   0x00001006       0x28 ./Src/button.o
 .debug_macro   0x0000102e       0x1c ./Src/button.o
 .debug_macro   0x0000104a       0x22 ./Src/button.o
 .debug_macro   0x0000106c       0xd9 ./Src/button.o
 .debug_macro   0x00001145     0x102d ./Src/button.o
 .debug_macro   0x00002172      0x11f ./Src/button.o
 .debug_macro   0x00002291    0x12a3a ./Src/button.o
 .debug_macro   0x00014ccb      0x102 ./Src/discovery.o
 .debug_macro   0x00014dcd       0x3a ./Src/discovery.o
 .debug_macro   0x00014e07       0xc9 ./Src/gpio.o
 .debug_macro   0x00014ed0       0xdd ./Src/led.o
 .debug_macro   0x00014fad       0xeb ./Src/led_timer.o
 .debug_macro   0x00015098      0x104 ./Src/main.o

.debug_line     0x00000000     0x22c3
 .debug_line    0x00000000      0x614 ./Src/button.o
 .debug_line    0x00000614      0x542 ./Src/discovery.o
 .debug_line    0x00000b56      0x6a8 ./Src/gpio.o
 .debug_line    0x000011fe      0x5b4 ./Src/led.o
 .debug_line    0x000017b2      0x5a8 ./Src/led_timer.o
 .debug_line    0x00001d5a      0x4ee ./Src/main.o
 .debug_line    0x00002248       0x7b ./Startup/startup_stm32f303vctx.o

.debug_str      0x00000000    0x72b48
 .debug_str     0x00000000    0x72b48 ./Src/button.o
                              0x72a66 (size before relaxing)
 .debug_str     0x00072b48    0x72984 ./Src/discovery.o
 .debug_str     0x00072b48    0x7242d ./Src/gpio.o
 .debug_str     0x00072b48    0x72473 ./Src/led.o
 .debug_str     0x00072b48    0x7299e ./Src/led_timer.o
 .debug_str     0x00072b48    0x724fc ./Src/main.o
 .debug_str     0x00072b48       0x8d ./Startup/startup_stm32f303vctx.o

.comment        0x00000000       0x43
 .comment       0x00000000       0x43 ./Src/button.o
                                 0x44 (size before relaxing)
 .comment       0x00000043       0x44 ./Src/discovery.o
 .comment       0x00000043       0x44 ./Src/gpio.o
 .comment       0x00000043       0x44 ./Src/led.o
 .comment       0x00000043       0x44 ./Src/led_timer.o
 .comment       0x00000043       0x44 ./Src/main.o

.debug_frame    0x00000000      0x4f0
 .debug_frame   0x00000000       0xf4 ./Src/button.o
 .debug_frame   0x000000f4       0xd8 ./Src/discovery.o
 .debug_frame   0x000001cc       0xe8 ./Src/gpio.o
 .debug_frame   0x000002b4       0xe8 ./Src/led.o
 .debug_frame   0x0000039c       0xd8 ./Src/led_timer.o
 .debug_frame   0x00000474       0x50 ./Src/main.o
 .debug_frame   0x000004c4       0x2c C:/ST/STM32CubeIDE_2.1.0/STM32CubeIDE/plugins/com.st.stm32cube.ide.mcu.externaltools.gnu-tools-for-stm32.14.3.rel1.win32_1.0.100.202602081740/tools/bin/../lib/gcc/arm-none-eabi/14.3.1/../../../../arm-none-eabi/lib/thumb/v7e-m+fp/hard\libc_nano.a(libc_a-init.o)

.debug_line_str
                0x00000000       0x71
 .debug_line_str
                0x00000000       0x71 ./Startup/startup_stm32f303vctx.o
