../Drivers/CMSIS/Include/core_cm4.h:1688:22:__NVIC_EnableIRQ	16	static
../Drivers/CMSIS/Include/core_cm4.h:1816:22:__NVIC_SetPriority	16	static
../Src/serial.c:95:13:part_f_rx_process_byte	24	static
../Src/serial.c:167:6:USART1_EXTI25_IRQHandler	4	static
../Src/serial.c:178:6:USART3_EXTI28_IRQHandler	16	static
../Src/serial.c:221:16:buffer_read	16	static
../Src/serial.c:232:6:SerialInitialise	32	static
../Src/serial.c:266:6:enable_interrupt	16	static,ignoring_inline_asm
../Src/serial.c:278:6:enable_interrupt_part_f	16	static,ignoring_inline_asm
../Src/serial.c:302:6:SerialOutputChar	16	static
../Src/serial.c:308:6:SerialOutputString	24	static
../Src/serial.c:320:6:sendString	16	static
../Src/serial.c:328:9:calculateChecksum	24	static
../Src/serial.c:343:6:sendMsg	40	static
../Src/serial.c:359:9:sendMsgIT	40	static,ignoring_inline_asm
../Src/serial.c:391:9:sendStringIT	24	static,ignoring_inline_asm
../Src/serial.c:415:6:receiveMsg	96	static
../Src/serial.c:465:6:receiveMsgDoubleBuffer	24	static,ignoring_inline_asm
../Src/serial.c:490:9:SerialTxBusy	4	static
../Src/serial.c:491:9:SerialTxBusy_IT	4	static
../Src/serial.c:492:9:SerialRxDroppedMessage	4	static
