../Inc/core_cm4.h:1688:22:__NVIC_EnableIRQ	16	static
../Inc/core_cm4.h:1816:22:__NVIC_SetPriority	16	static
../Src/serial.c:108:16:buffer_read	16	static
../Src/serial.c:119:13:part_f_rx_process_byte	24	static
../Src/serial.c:202:6:USART1_EXTI25_IRQHandler	16	static
../Src/serial.c:249:6:SerialInitialise	32	static
../Src/serial.c:280:6:enable_interrupt	16	static,ignoring_inline_asm
../Src/serial.c:292:6:SerialOutputChar	16	static
../Src/serial.c:298:9:SerialReceiveByte	16	static
../Src/serial.c:304:6:SerialReceiveString	40	static
../Src/serial.c:314:6:SerialOutputString	24	static
../Src/serial.c:327:6:sendString	16	static
../Src/serial.c:335:9:calculateChecksum	24	static
../Src/serial.c:349:6:sendMsg	40	static
../Src/serial.c:367:6:receiveMsgPolling	96	static
../Src/serial.c:410:6:receiveMsg	168	static
../Src/serial.c:469:6:enable_interrupt_part_f	16	static,ignoring_inline_asm
../Src/serial.c:487:9:sendStringIT	24	static,ignoring_inline_asm
../Src/serial.c:509:9:sendMsgIT	40	static,ignoring_inline_asm
../Src/serial.c:537:6:receiveMsgDoubleBuffer	24	static,ignoring_inline_asm
../Src/serial.c:563:9:SerialTxBusy	4	static
../Src/serial.c:564:9:SerialRxDroppedMessage	4	static
