../Src/serial.c:109:16:buffer_read	16	static
../Src/serial.c:120:13:part_f_rx_process_byte	24	static
../Src/serial.c:195:6:USART1_EXTI25_IRQHandler	16	static
../Src/serial.c:242:6:SerialInitialise	32	static
../Src/serial.c:276:6:enable_interrupt	16	static,ignoring_inline_asm
../Src/serial.c:295:6:SerialOutputChar	16	static
../Src/serial.c:301:9:SerialReceiveByte	16	static
../Src/serial.c:307:6:SerialReceiveString	40	static
../Src/serial.c:317:6:SerialOutputString	24	static
../Src/serial.c:330:6:sendString	16	static
../Src/serial.c:338:9:calculateChecksum	24	static
../Src/serial.c:352:6:sendMsg	40	static
../Src/serial.c:370:6:receiveMsgPolling	96	static
../Src/serial.c:403:6:receiveMsg	168	static
../Src/serial.c:455:6:enable_interrupt_part_f	16	static,ignoring_inline_asm
../Src/serial.c:474:9:sendStringIT	24	static,ignoring_inline_asm
../Src/serial.c:493:9:sendMsgIT	40	static,ignoring_inline_asm
../Src/serial.c:520:6:receiveMsgDoubleBuffer	24	static,ignoring_inline_asm
../Src/serial.c:546:9:SerialTxBusy	4	static
../Src/serial.c:547:9:SerialRxDroppedMessage	4	static
